Archive member included to satisfy reference by file (symbol)

.\CortexM3\ARM_GCC_541\Debug\RFID.a(SPI.o)
                              .\CortexM3\ARM_GCC_541\Debug\RC522.o (SPI_ReadTxStatus)
.\CortexM3\ARM_GCC_541\Debug\RFID.a(RESET.o)
                              .\CortexM3\ARM_GCC_541\Debug\RC522.o (RESET_Write)
.\CortexM3\ARM_GCC_541\Debug\RFID.a(SPI_IntClock.o)
                              .\CortexM3\ARM_GCC_541\Debug\RFID.a(SPI.o) (SPI_IntClock_Start)
.\CortexM3\ARM_GCC_541\Debug\RFID.a(CyLib.o)
                              .\CortexM3\ARM_GCC_541\Debug\Cm3Start.o (CyHalt)
.\CortexM3\ARM_GCC_541\Debug\RFID.a(cyPm.o)
                              .\CortexM3\ARM_GCC_541\Debug\RFID.a(CyLib.o) (CyPmReadStatus)
.\CortexM3\ARM_GCC_541\Debug\RFID.a(LCD.o)
                              .\CortexM3\ARM_GCC_541\Debug\main.o (LCD_PrintString)
.\CortexM3\ARM_GCC_541\Debug\RFID.a(CyBootAsmGnu.o)
                              .\CortexM3\ARM_GCC_541\Debug\cyfitter_cfg.o (CyDelayCycles)
.\CortexM3\ARM_GCC_541\Debug\RFID.a(CyFlash.o)
                              .\CortexM3\ARM_GCC_541\Debug\RFID.a(cyPm.o) (CyFlash_SetWaitCycles)
.\CortexM3\ARM_GCC_541\Debug\RFID.a(CySpc.o)
                              .\CortexM3\ARM_GCC_541\Debug\RFID.a(CyFlash.o) (CySpcStart)
c:/program files (x86)/cypress/psoc creator/4.2/psoc creator/import/gnu/arm/5.4.1/bin/../lib/gcc/arm-none-eabi/5.4.1/../../../../arm-none-eabi/lib/armv7-m\libg_nano.a(lib_a-errno.o)
                              .\CortexM3\ARM_GCC_541\Debug\Cm3Start.o (__errno)
c:/program files (x86)/cypress/psoc creator/4.2/psoc creator/import/gnu/arm/5.4.1/bin/../lib/gcc/arm-none-eabi/5.4.1/../../../../arm-none-eabi/lib/armv7-m\libg_nano.a(lib_a-exit.o)
                              c:/program files (x86)/cypress/psoc creator/4.2/psoc creator/import/gnu/arm/5.4.1/bin/../lib/gcc/arm-none-eabi/5.4.1/../../../../arm-none-eabi/lib/armv7-m/crt0.o (exit)
c:/program files (x86)/cypress/psoc creator/4.2/psoc creator/import/gnu/arm/5.4.1/bin/../lib/gcc/arm-none-eabi/5.4.1/../../../../arm-none-eabi/lib/armv7-m\libg_nano.a(lib_a-impure.o)
                              c:/program files (x86)/cypress/psoc creator/4.2/psoc creator/import/gnu/arm/5.4.1/bin/../lib/gcc/arm-none-eabi/5.4.1/../../../../arm-none-eabi/lib/armv7-m\libg_nano.a(lib_a-exit.o) (_global_impure_ptr)
c:/program files (x86)/cypress/psoc creator/4.2/psoc creator/import/gnu/arm/5.4.1/bin/../lib/gcc/arm-none-eabi/5.4.1/../../../../arm-none-eabi/lib/armv7-m\libg_nano.a(lib_a-init.o)
                              c:/program files (x86)/cypress/psoc creator/4.2/psoc creator/import/gnu/arm/5.4.1/bin/../lib/gcc/arm-none-eabi/5.4.1/../../../../arm-none-eabi/lib/armv7-m/crt0.o (__libc_init_array)
c:/program files (x86)/cypress/psoc creator/4.2/psoc creator/import/gnu/arm/5.4.1/bin/../lib/gcc/arm-none-eabi/5.4.1/../../../../arm-none-eabi/lib/armv7-m\libg_nano.a(lib_a-memcpy-stub.o)
                              .\CortexM3\ARM_GCC_541\Debug\RC522.o (memcpy)
c:/program files (x86)/cypress/psoc creator/4.2/psoc creator/import/gnu/arm/5.4.1/bin/../lib/gcc/arm-none-eabi/5.4.1/../../../../arm-none-eabi/lib/armv7-m\libg_nano.a(lib_a-memset.o)
                              c:/program files (x86)/cypress/psoc creator/4.2/psoc creator/import/gnu/arm/5.4.1/bin/../lib/gcc/arm-none-eabi/5.4.1/../../../../arm-none-eabi/lib/armv7-m/crt0.o (memset)

Allocating common symbols
Common symbol       size              file

uid                 0xc               .\CortexM3\ARM_GCC_541\Debug\main.o
readDummy           0x1               .\CortexM3\ARM_GCC_541\Debug\RC522.o
SPI_swStatusTx      0x1               .\CortexM3\ARM_GCC_541\Debug\RFID.a(SPI.o)
SPI_swStatusRx      0x1               .\CortexM3\ARM_GCC_541\Debug\RFID.a(SPI.o)
readData            0x1               .\CortexM3\ARM_GCC_541\Debug\RC522.o
dieTemperature      0x2               .\CortexM3\ARM_GCC_541\Debug\RFID.a(CyFlash.o)

Discarded input sections

 .text          0x00000000        0x0 c:/program files (x86)/cypress/psoc creator/4.2/psoc creator/import/gnu/arm/5.4.1/bin/../lib/gcc/arm-none-eabi/5.4.1/armv7-m/crti.o
 .data          0x00000000        0x0 c:/program files (x86)/cypress/psoc creator/4.2/psoc creator/import/gnu/arm/5.4.1/bin/../lib/gcc/arm-none-eabi/5.4.1/armv7-m/crti.o
 .bss           0x00000000        0x0 c:/program files (x86)/cypress/psoc creator/4.2/psoc creator/import/gnu/arm/5.4.1/bin/../lib/gcc/arm-none-eabi/5.4.1/armv7-m/crti.o
 .data          0x00000000        0x4 c:/program files (x86)/cypress/psoc creator/4.2/psoc creator/import/gnu/arm/5.4.1/bin/../lib/gcc/arm-none-eabi/5.4.1/armv7-m/crtbegin.o
 .text          0x00000000       0x74 c:/program files (x86)/cypress/psoc creator/4.2/psoc creator/import/gnu/arm/5.4.1/bin/../lib/gcc/arm-none-eabi/5.4.1/../../../../arm-none-eabi/lib/armv7-m/crt0.o
 .data          0x00000000        0x0 c:/program files (x86)/cypress/psoc creator/4.2/psoc creator/import/gnu/arm/5.4.1/bin/../lib/gcc/arm-none-eabi/5.4.1/../../../../arm-none-eabi/lib/armv7-m/crt0.o
 .bss           0x00000000        0x0 c:/program files (x86)/cypress/psoc creator/4.2/psoc creator/import/gnu/arm/5.4.1/bin/../lib/gcc/arm-none-eabi/5.4.1/../../../../arm-none-eabi/lib/armv7-m/crt0.o
 .ARM.extab     0x00000000        0x0 c:/program files (x86)/cypress/psoc creator/4.2/psoc creator/import/gnu/arm/5.4.1/bin/../lib/gcc/arm-none-eabi/5.4.1/../../../../arm-none-eabi/lib/armv7-m/crt0.o
 .ARM.exidx     0x00000000        0x8 c:/program files (x86)/cypress/psoc creator/4.2/psoc creator/import/gnu/arm/5.4.1/bin/../lib/gcc/arm-none-eabi/5.4.1/../../../../arm-none-eabi/lib/armv7-m/crt0.o
 .text          0x00000000        0x0 .\CortexM3\ARM_GCC_541\Debug\main.o
 .data          0x00000000        0x0 .\CortexM3\ARM_GCC_541\Debug\main.o
 .bss           0x00000000        0x0 .\CortexM3\ARM_GCC_541\Debug\main.o
 COMMON         0x00000000        0xc .\CortexM3\ARM_GCC_541\Debug\main.o
 .text          0x00000000        0x0 .\CortexM3\ARM_GCC_541\Debug\RC522.o
 .data          0x00000000        0x0 .\CortexM3\ARM_GCC_541\Debug\RC522.o
 .bss           0x00000000        0x0 .\CortexM3\ARM_GCC_541\Debug\RC522.o
 .text.PCD_WriteRegister
                0x00000000       0x2c .\CortexM3\ARM_GCC_541\Debug\RC522.o
 .text.PCD_WriteRegisters
                0x00000000       0x3c .\CortexM3\ARM_GCC_541\Debug\RC522.o
 .text.PCD_ReadRegisters
                0x00000000       0x98 .\CortexM3\ARM_GCC_541\Debug\RC522.o
 .text.PCD_SetRegisterBitMask
                0x00000000       0x18 .\CortexM3\ARM_GCC_541\Debug\RC522.o
 .text.PCD_ClearRegisterBitMask
                0x00000000       0x18 .\CortexM3\ARM_GCC_541\Debug\RC522.o
 .text.PCD_CalculateCRC
                0x00000000       0x6c .\CortexM3\ARM_GCC_541\Debug\RC522.o
 .text.PCD_Reset
                0x00000000       0x28 .\CortexM3\ARM_GCC_541\Debug\RC522.o
 .text.PCD_AntennaOn
                0x00000000       0x20 .\CortexM3\ARM_GCC_541\Debug\RC522.o
 .text.PCD_Init
                0x00000000       0x6c .\CortexM3\ARM_GCC_541\Debug\RC522.o
 .text.PCD_AntennaOff
                0x00000000        0xc .\CortexM3\ARM_GCC_541\Debug\RC522.o
 .text.PCD_GetAntennaGain
                0x00000000       0x10 .\CortexM3\ARM_GCC_541\Debug\RC522.o
 .text.PCD_SetAntennaGain
                0x00000000       0x20 .\CortexM3\ARM_GCC_541\Debug\RC522.o
 .text.PCD_PerformSelfTest
                0x00000000       0x84 .\CortexM3\ARM_GCC_541\Debug\RC522.o
 .text.PCD_SoftPowerDown
                0x00000000       0x18 .\CortexM3\ARM_GCC_541\Debug\RC522.o
 .text.PCD_SoftPowerUp
                0x00000000       0x34 .\CortexM3\ARM_GCC_541\Debug\RC522.o
 .text.PCD_CommunicateWithPICC
                0x00000000      0x160 .\CortexM3\ARM_GCC_541\Debug\RC522.o
 .text.PCD_TransceiveData
                0x00000000       0x28 .\CortexM3\ARM_GCC_541\Debug\RC522.o
 .text.PICC_REQA_or_WUPA
                0x00000000       0x60 .\CortexM3\ARM_GCC_541\Debug\RC522.o
 .text.PICC_RequestA
                0x00000000       0x10 .\CortexM3\ARM_GCC_541\Debug\RC522.o
 .text.PICC_WakeupA
                0x00000000       0x10 .\CortexM3\ARM_GCC_541\Debug\RC522.o
 .text.PICC_Select
                0x00000000      0x2fc .\CortexM3\ARM_GCC_541\Debug\RC522.o
 .text.PICC_HaltA
                0x00000000       0x44 .\CortexM3\ARM_GCC_541\Debug\RC522.o
 .text.PCD_Authenticate
                0x00000000       0x64 .\CortexM3\ARM_GCC_541\Debug\RC522.o
 .text.PCD_StopCrypto1
                0x00000000        0xc .\CortexM3\ARM_GCC_541\Debug\RC522.o
 .text.MIFARE_Read
                0x00000000       0x48 .\CortexM3\ARM_GCC_541\Debug\RC522.o
 .text.MIFARE_GetValue
                0x00000000       0x3c .\CortexM3\ARM_GCC_541\Debug\RC522.o
 .text.PCD_NTAG216_AUTH
                0x00000000       0x70 .\CortexM3\ARM_GCC_541\Debug\RC522.o
 .text.PCD_MIFARE_Transceive
                0x00000000       0x90 .\CortexM3\ARM_GCC_541\Debug\RC522.o
 .text.MIFARE_Write
                0x00000000       0x40 .\CortexM3\ARM_GCC_541\Debug\RC522.o
 .text.MIFARE_SetValue
                0x00000000       0x68 .\CortexM3\ARM_GCC_541\Debug\RC522.o
 .text.MIFARE_Ultralight_Write
                0x00000000       0x38 .\CortexM3\ARM_GCC_541\Debug\RC522.o
 .text.MIFARE_TwoStepHelper
                0x00000000       0x34 .\CortexM3\ARM_GCC_541\Debug\RC522.o
 .text.MIFARE_Decrement
                0x00000000       0x10 .\CortexM3\ARM_GCC_541\Debug\RC522.o
 .text.MIFARE_Increment
                0x00000000       0x10 .\CortexM3\ARM_GCC_541\Debug\RC522.o
 .text.MIFARE_Restore
                0x00000000       0x10 .\CortexM3\ARM_GCC_541\Debug\RC522.o
 .text.MIFARE_Transfer
                0x00000000       0x24 .\CortexM3\ARM_GCC_541\Debug\RC522.o
 .text.PICC_IsNewCardPresent
                0x00000000       0x40 .\CortexM3\ARM_GCC_541\Debug\RC522.o
 .text.PICC_ReadCardSerial
                0x00000000       0x18 .\CortexM3\ARM_GCC_541\Debug\RC522.o
 COMMON         0x00000000        0x2 .\CortexM3\ARM_GCC_541\Debug\RC522.o
 .text          0x00000000        0x0 .\CortexM3\ARM_GCC_541\Debug\cyfitter_cfg.o
 .data          0x00000000        0x0 .\CortexM3\ARM_GCC_541\Debug\cyfitter_cfg.o
 .bss           0x00000000        0x0 .\CortexM3\ARM_GCC_541\Debug\cyfitter_cfg.o
 .text.SetAnalogRoutingPumps
                0x00000000       0x10 .\CortexM3\ARM_GCC_541\Debug\cyfitter_cfg.o
 .text          0x00000000        0x0 .\CortexM3\ARM_GCC_541\Debug\cymetadata.o
 .data          0x00000000        0x0 .\CortexM3\ARM_GCC_541\Debug\cymetadata.o
 .bss           0x00000000        0x0 .\CortexM3\ARM_GCC_541\Debug\cymetadata.o
 .text          0x00000000        0x0 .\CortexM3\ARM_GCC_541\Debug\Cm3Start.o
 .data          0x00000000        0x4 .\CortexM3\ARM_GCC_541\Debug\Cm3Start.o
 .bss           0x00000000        0x0 .\CortexM3\ARM_GCC_541\Debug\Cm3Start.o
 .text._exit    0x00000000        0xc .\CortexM3\ARM_GCC_541\Debug\Cm3Start.o
 .text._sbrk    0x00000000       0x30 .\CortexM3\ARM_GCC_541\Debug\Cm3Start.o
 .text          0x00000000        0x0 .\CortexM3\ARM_GCC_541\Debug\RFID.a(SPI.o)
 .data          0x00000000        0x0 .\CortexM3\ARM_GCC_541\Debug\RFID.a(SPI.o)
 .bss           0x00000000        0x1 .\CortexM3\ARM_GCC_541\Debug\RFID.a(SPI.o)
 .text.SPI_Enable
                0x00000000       0x34 .\CortexM3\ARM_GCC_541\Debug\RFID.a(SPI.o)
 .text.SPI_Stop
                0x00000000       0x28 .\CortexM3\ARM_GCC_541\Debug\RFID.a(SPI.o)
 .text.SPI_EnableTxInt
                0x00000000        0x4 .\CortexM3\ARM_GCC_541\Debug\RFID.a(SPI.o)
 .text.SPI_EnableRxInt
                0x00000000        0x4 .\CortexM3\ARM_GCC_541\Debug\RFID.a(SPI.o)
 .text.SPI_DisableTxInt
                0x00000000        0x4 .\CortexM3\ARM_GCC_541\Debug\RFID.a(SPI.o)
 .text.SPI_DisableRxInt
                0x00000000        0x4 .\CortexM3\ARM_GCC_541\Debug\RFID.a(SPI.o)
 .text.SPI_SetTxInterruptMode
                0x00000000        0xc .\CortexM3\ARM_GCC_541\Debug\RFID.a(SPI.o)
 .text.SPI_SetRxInterruptMode
                0x00000000        0xc .\CortexM3\ARM_GCC_541\Debug\RFID.a(SPI.o)
 .text.SPI_ReadRxStatus
                0x00000000        0xc .\CortexM3\ARM_GCC_541\Debug\RFID.a(SPI.o)
 .text.SPI_GetRxBufferSize
                0x00000000       0x18 .\CortexM3\ARM_GCC_541\Debug\RFID.a(SPI.o)
 .text.SPI_GetTxBufferSize
                0x00000000       0x24 .\CortexM3\ARM_GCC_541\Debug\RFID.a(SPI.o)
 .text.SPI_ClearRxBuffer
                0x00000000       0x1c .\CortexM3\ARM_GCC_541\Debug\RFID.a(SPI.o)
 .text.SPI_ClearTxBuffer
                0x00000000       0x24 .\CortexM3\ARM_GCC_541\Debug\RFID.a(SPI.o)
 .text.SPI_PutArray
                0x00000000       0x20 .\CortexM3\ARM_GCC_541\Debug\RFID.a(SPI.o)
 .text.SPI_ClearFIFO
                0x00000000       0x3c .\CortexM3\ARM_GCC_541\Debug\RFID.a(SPI.o)
 .text.SPI_Init
                0x00000000       0x28 .\CortexM3\ARM_GCC_541\Debug\RFID.a(SPI.o)
 .text.SPI_Start
                0x00000000       0x1c .\CortexM3\ARM_GCC_541\Debug\RFID.a(SPI.o)
 .text.SPI_EnableInt
                0x00000000        0x4 .\CortexM3\ARM_GCC_541\Debug\RFID.a(SPI.o)
 .text.SPI_DisableInt
                0x00000000        0x4 .\CortexM3\ARM_GCC_541\Debug\RFID.a(SPI.o)
 .text.SPI_SetInterruptMode
                0x00000000       0x14 .\CortexM3\ARM_GCC_541\Debug\RFID.a(SPI.o)
 .text.SPI_ReadStatus
                0x00000000       0x18 .\CortexM3\ARM_GCC_541\Debug\RFID.a(SPI.o)
 COMMON         0x00000000        0x2 .\CortexM3\ARM_GCC_541\Debug\RFID.a(SPI.o)
 .text          0x00000000        0x0 .\CortexM3\ARM_GCC_541\Debug\RFID.a(RESET.o)
 .data          0x00000000        0x0 .\CortexM3\ARM_GCC_541\Debug\RFID.a(RESET.o)
 .bss           0x00000000        0x0 .\CortexM3\ARM_GCC_541\Debug\RFID.a(RESET.o)
 .text.RESET_Write
                0x00000000       0x18 .\CortexM3\ARM_GCC_541\Debug\RFID.a(RESET.o)
 .text.RESET_SetDriveMode
                0x00000000       0x18 .\CortexM3\ARM_GCC_541\Debug\RFID.a(RESET.o)
 .text.RESET_Read
                0x00000000        0xc .\CortexM3\ARM_GCC_541\Debug\RFID.a(RESET.o)
 .text.RESET_ReadDataReg
                0x00000000        0xc .\CortexM3\ARM_GCC_541\Debug\RFID.a(RESET.o)
 .text          0x00000000        0x0 .\CortexM3\ARM_GCC_541\Debug\RFID.a(SPI_IntClock.o)
 .data          0x00000000        0x0 .\CortexM3\ARM_GCC_541\Debug\RFID.a(SPI_IntClock.o)
 .bss           0x00000000        0x0 .\CortexM3\ARM_GCC_541\Debug\RFID.a(SPI_IntClock.o)
 .text.SPI_IntClock_Start
                0x00000000       0x1c .\CortexM3\ARM_GCC_541\Debug\RFID.a(SPI_IntClock.o)
 .text.SPI_IntClock_Stop
                0x00000000       0x1c .\CortexM3\ARM_GCC_541\Debug\RFID.a(SPI_IntClock.o)
 .text.SPI_IntClock_StopBlock
                0x00000000       0x6c .\CortexM3\ARM_GCC_541\Debug\RFID.a(SPI_IntClock.o)
 .text.SPI_IntClock_StandbyPower
                0x00000000       0x20 .\CortexM3\ARM_GCC_541\Debug\RFID.a(SPI_IntClock.o)
 .text.SPI_IntClock_GetDividerRegister
                0x00000000        0xc .\CortexM3\ARM_GCC_541\Debug\RFID.a(SPI_IntClock.o)
 .text.SPI_IntClock_SetModeRegister
                0x00000000       0x14 .\CortexM3\ARM_GCC_541\Debug\RFID.a(SPI_IntClock.o)
 .text.SPI_IntClock_ClearModeRegister
                0x00000000       0x18 .\CortexM3\ARM_GCC_541\Debug\RFID.a(SPI_IntClock.o)
 .text.SPI_IntClock_GetModeRegister
                0x00000000       0x10 .\CortexM3\ARM_GCC_541\Debug\RFID.a(SPI_IntClock.o)
 .text.SPI_IntClock_GetSourceRegister
                0x00000000       0x10 .\CortexM3\ARM_GCC_541\Debug\RFID.a(SPI_IntClock.o)
 .text.SPI_IntClock_SetDividerRegister
                0x00000000       0xd8 .\CortexM3\ARM_GCC_541\Debug\RFID.a(SPI_IntClock.o)
 .text.SPI_IntClock_SetSourceRegister
                0x00000000       0x5c .\CortexM3\ARM_GCC_541\Debug\RFID.a(SPI_IntClock.o)
 .text          0x00000000        0x0 .\CortexM3\ARM_GCC_541\Debug\RFID.a(CyLib.o)
 .bss           0x00000000       0x1c .\CortexM3\ARM_GCC_541\Debug\RFID.a(CyLib.o)
 .text.CyUSB_PowerOnCheck
                0x00000000       0x48 .\CortexM3\ARM_GCC_541\Debug\RFID.a(CyLib.o)
 .text.CyBusClk_Internal_SetDivider
                0x00000000       0x48 .\CortexM3\ARM_GCC_541\Debug\RFID.a(CyLib.o)
 .text.CyPLL_OUT_Stop
                0x00000000       0x10 .\CortexM3\ARM_GCC_541\Debug\RFID.a(CyLib.o)
 .text.CyIMO_Stop
                0x00000000       0x1c .\CortexM3\ARM_GCC_541\Debug\RFID.a(CyLib.o)
 .text.CyIMO_EnableDoubler
                0x00000000       0x10 .\CortexM3\ARM_GCC_541\Debug\RFID.a(CyLib.o)
 .text.CyIMO_DisableDoubler
                0x00000000       0x10 .\CortexM3\ARM_GCC_541\Debug\RFID.a(CyLib.o)
 .text.CyMasterClk_SetSource
                0x00000000       0x18 .\CortexM3\ARM_GCC_541\Debug\RFID.a(CyLib.o)
 .text.CyMasterClk_SetDivider
                0x00000000        0xc .\CortexM3\ARM_GCC_541\Debug\RFID.a(CyLib.o)
 .text.CyBusClk_SetDivider
                0x00000000       0x70 .\CortexM3\ARM_GCC_541\Debug\RFID.a(CyLib.o)
 .text.CyUsbClk_SetSource
                0x00000000       0x18 .\CortexM3\ARM_GCC_541\Debug\RFID.a(CyLib.o)
 .text.CyILO_Start1K
                0x00000000       0x10 .\CortexM3\ARM_GCC_541\Debug\RFID.a(CyLib.o)
 .text.CyILO_Stop1K
                0x00000000       0x10 .\CortexM3\ARM_GCC_541\Debug\RFID.a(CyLib.o)
 .text.CyILO_Start100K
                0x00000000       0x10 .\CortexM3\ARM_GCC_541\Debug\RFID.a(CyLib.o)
 .text.CyILO_Stop100K
                0x00000000       0x10 .\CortexM3\ARM_GCC_541\Debug\RFID.a(CyLib.o)
 .text.CyPLL_OUT_Start
                0x00000000       0x78 .\CortexM3\ARM_GCC_541\Debug\RFID.a(CyLib.o)
 .text.CyIMO_Start
                0x00000000       0x60 .\CortexM3\ARM_GCC_541\Debug\RFID.a(CyLib.o)
 .text.CyILO_Enable33K
                0x00000000       0x10 .\CortexM3\ARM_GCC_541\Debug\RFID.a(CyLib.o)
 .text.CyILO_Disable33K
                0x00000000       0x10 .\CortexM3\ARM_GCC_541\Debug\RFID.a(CyLib.o)
 .text.CyILO_SetSource
                0x00000000       0x18 .\CortexM3\ARM_GCC_541\Debug\RFID.a(CyLib.o)
 .text.CyILO_SetPowerMode
                0x00000000       0x24 .\CortexM3\ARM_GCC_541\Debug\RFID.a(CyLib.o)
 .text.CyXTAL_32KHZ_Stop
                0x00000000       0x30 .\CortexM3\ARM_GCC_541\Debug\RFID.a(CyLib.o)
 .text.CyXTAL_32KHZ_ReadStatus
                0x00000000       0x10 .\CortexM3\ARM_GCC_541\Debug\RFID.a(CyLib.o)
 .text.CyXTAL_Start
                0x00000000       0xac .\CortexM3\ARM_GCC_541\Debug\RFID.a(CyLib.o)
 .text.CyXTAL_Stop
                0x00000000       0x10 .\CortexM3\ARM_GCC_541\Debug\RFID.a(CyLib.o)
 .text.CyXTAL_EnableErrStatus
                0x00000000       0x10 .\CortexM3\ARM_GCC_541\Debug\RFID.a(CyLib.o)
 .text.CyXTAL_DisableErrStatus
                0x00000000       0x10 .\CortexM3\ARM_GCC_541\Debug\RFID.a(CyLib.o)
 .text.CyXTAL_ReadStatus
                0x00000000       0x18 .\CortexM3\ARM_GCC_541\Debug\RFID.a(CyLib.o)
 .text.CyXTAL_EnableFaultRecovery
                0x00000000       0x10 .\CortexM3\ARM_GCC_541\Debug\RFID.a(CyLib.o)
 .text.CyXTAL_DisableFaultRecovery
                0x00000000       0x10 .\CortexM3\ARM_GCC_541\Debug\RFID.a(CyLib.o)
 .text.CyXTAL_SetStartup
                0x00000000       0x18 .\CortexM3\ARM_GCC_541\Debug\RFID.a(CyLib.o)
 .text.CyXTAL_SetFbVoltage
                0x00000000       0x18 .\CortexM3\ARM_GCC_541\Debug\RFID.a(CyLib.o)
 .text.CyXTAL_SetWdVoltage
                0x00000000       0x18 .\CortexM3\ARM_GCC_541\Debug\RFID.a(CyLib.o)
 .text.CyHalt   0x00000000        0x4 .\CortexM3\ARM_GCC_541\Debug\RFID.a(CyLib.o)
 .text.CyPLL_OUT_SetPQ
                0x00000000       0x60 .\CortexM3\ARM_GCC_541\Debug\RFID.a(CyLib.o)
 .text.CyPLL_OUT_SetSource
                0x00000000       0x34 .\CortexM3\ARM_GCC_541\Debug\RFID.a(CyLib.o)
 .text.CyIMO_SetTrimValue
                0x00000000       0xcc .\CortexM3\ARM_GCC_541\Debug\RFID.a(CyLib.o)
 .text.CyIMO_SetFreq
                0x00000000       0xf4 .\CortexM3\ARM_GCC_541\Debug\RFID.a(CyLib.o)
 .text.CyIMO_SetSource
                0x00000000       0x58 .\CortexM3\ARM_GCC_541\Debug\RFID.a(CyLib.o)
 .text.CySoftwareReset
                0x00000000       0x10 .\CortexM3\ARM_GCC_541\Debug\RFID.a(CyLib.o)
 .text.CyXTAL_32KHZ_SetPowerMode
                0x00000000       0x84 .\CortexM3\ARM_GCC_541\Debug\RFID.a(CyLib.o)
 .text.CyXTAL_32KHZ_Start
                0x00000000       0x74 .\CortexM3\ARM_GCC_541\Debug\RFID.a(CyLib.o)
 .text.CyDelayFreq
                0x00000000       0x4c .\CortexM3\ARM_GCC_541\Debug\RFID.a(CyLib.o)
 .text.CyWdtStart
                0x00000000       0x40 .\CortexM3\ARM_GCC_541\Debug\RFID.a(CyLib.o)
 .text.CyWdtClear
                0x00000000        0xc .\CortexM3\ARM_GCC_541\Debug\RFID.a(CyLib.o)
 .text.CyVdStickyStatus
                0x00000000       0x2c .\CortexM3\ARM_GCC_541\Debug\RFID.a(CyLib.o)
 .text.CyVdLvDigitEnable
                0x00000000       0x84 .\CortexM3\ARM_GCC_541\Debug\RFID.a(CyLib.o)
 .text.CyVdLvAnalogEnable
                0x00000000       0x80 .\CortexM3\ARM_GCC_541\Debug\RFID.a(CyLib.o)
 .text.CyVdLvDigitDisable
                0x00000000       0x30 .\CortexM3\ARM_GCC_541\Debug\RFID.a(CyLib.o)
 .text.CyVdLvAnalogDisable
                0x00000000       0x28 .\CortexM3\ARM_GCC_541\Debug\RFID.a(CyLib.o)
 .text.CyVdHvAnalogEnable
                0x00000000       0x54 .\CortexM3\ARM_GCC_541\Debug\RFID.a(CyLib.o)
 .text.CyVdHvAnalogDisable
                0x00000000       0x20 .\CortexM3\ARM_GCC_541\Debug\RFID.a(CyLib.o)
 .text.CyVdRealTimeStatus
                0x00000000       0x1c .\CortexM3\ARM_GCC_541\Debug\RFID.a(CyLib.o)
 .text.CyDisableInts
                0x00000000       0x1c .\CortexM3\ARM_GCC_541\Debug\RFID.a(CyLib.o)
 .text.CyEnableInts
                0x00000000       0x18 .\CortexM3\ARM_GCC_541\Debug\RFID.a(CyLib.o)
 .text.CyFlushCache
                0x00000000       0x44 .\CortexM3\ARM_GCC_541\Debug\RFID.a(CyLib.o)
 .text.CyIntSetSysVector
                0x00000000       0x28 .\CortexM3\ARM_GCC_541\Debug\RFID.a(CyLib.o)
 .text.CyIntGetSysVector
                0x00000000       0x20 .\CortexM3\ARM_GCC_541\Debug\RFID.a(CyLib.o)
 .text.CyIntSetVector
                0x00000000       0x28 .\CortexM3\ARM_GCC_541\Debug\RFID.a(CyLib.o)
 .text.CyIntGetVector
                0x00000000       0x24 .\CortexM3\ARM_GCC_541\Debug\RFID.a(CyLib.o)
 .text.CyIntSetPriority
                0x00000000       0x30 .\CortexM3\ARM_GCC_541\Debug\RFID.a(CyLib.o)
 .text.CyIntGetPriority
                0x00000000       0x20 .\CortexM3\ARM_GCC_541\Debug\RFID.a(CyLib.o)
 .text.CyIntGetState
                0x00000000       0x24 .\CortexM3\ARM_GCC_541\Debug\RFID.a(CyLib.o)
 .text.CySysTickStop
                0x00000000       0x10 .\CortexM3\ARM_GCC_541\Debug\RFID.a(CyLib.o)
 .text.CySysTickEnableInterrupt
                0x00000000       0x10 .\CortexM3\ARM_GCC_541\Debug\RFID.a(CyLib.o)
 .text.CySysTickEnable
                0x00000000       0x18 .\CortexM3\ARM_GCC_541\Debug\RFID.a(CyLib.o)
 .text.CySysTickDisableInterrupt
                0x00000000       0x10 .\CortexM3\ARM_GCC_541\Debug\RFID.a(CyLib.o)
 .text.CySysTickSetReload
                0x00000000       0x10 .\CortexM3\ARM_GCC_541\Debug\RFID.a(CyLib.o)
 .text.CySysTickGetReload
                0x00000000       0x10 .\CortexM3\ARM_GCC_541\Debug\RFID.a(CyLib.o)
 .text.CySysTickGetValue
                0x00000000       0x10 .\CortexM3\ARM_GCC_541\Debug\RFID.a(CyLib.o)
 .text.CySysTickSetClockSource
                0x00000000       0x20 .\CortexM3\ARM_GCC_541\Debug\RFID.a(CyLib.o)
 .text.CySysTickGetClockSource
                0x00000000       0x10 .\CortexM3\ARM_GCC_541\Debug\RFID.a(CyLib.o)
 .text.CySysTickGetCountFlag
                0x00000000       0x10 .\CortexM3\ARM_GCC_541\Debug\RFID.a(CyLib.o)
 .text.CySysTickServiceCallbacks
                0x00000000       0x28 .\CortexM3\ARM_GCC_541\Debug\RFID.a(CyLib.o)
 .text.CySysTickClear
                0x00000000        0xc .\CortexM3\ARM_GCC_541\Debug\RFID.a(CyLib.o)
 .text.CySysTickInit
                0x00000000       0x58 .\CortexM3\ARM_GCC_541\Debug\RFID.a(CyLib.o)
 .text.CySysTickStart
                0x00000000       0x1c .\CortexM3\ARM_GCC_541\Debug\RFID.a(CyLib.o)
 .text.CySysTickSetCallback
                0x00000000       0x10 .\CortexM3\ARM_GCC_541\Debug\RFID.a(CyLib.o)
 .text.CySysTickGetCallback
                0x00000000       0x10 .\CortexM3\ARM_GCC_541\Debug\RFID.a(CyLib.o)
 .text.CyGetUniqueId
                0x00000000       0x70 .\CortexM3\ARM_GCC_541\Debug\RFID.a(CyLib.o)
 .text          0x00000000        0x0 .\CortexM3\ARM_GCC_541\Debug\RFID.a(cyPm.o)
 .data          0x00000000        0x0 .\CortexM3\ARM_GCC_541\Debug\RFID.a(cyPm.o)
 .bss           0x00000000       0x43 .\CortexM3\ARM_GCC_541\Debug\RFID.a(cyPm.o)
 .text.CyPmHibSlpSaveSet
                0x00000000      0x1dc .\CortexM3\ARM_GCC_541\Debug\RFID.a(cyPm.o)
 .text.CyPmHibSlpRestore
                0x00000000       0xd8 .\CortexM3\ARM_GCC_541\Debug\RFID.a(cyPm.o)
 .text.CyPmHviLviSaveDisable
                0x00000000       0xa0 .\CortexM3\ARM_GCC_541\Debug\RFID.a(cyPm.o)
 .text.CyPmHibSaveSet
                0x00000000       0x98 .\CortexM3\ARM_GCC_541\Debug\RFID.a(cyPm.o)
 .text.CyPmHviLviRestore
                0x00000000       0x48 .\CortexM3\ARM_GCC_541\Debug\RFID.a(cyPm.o)
 .text.CyPmHibRestore
                0x00000000       0x60 .\CortexM3\ARM_GCC_541\Debug\RFID.a(cyPm.o)
 .text.CyPmSaveClocks
                0x00000000      0x218 .\CortexM3\ARM_GCC_541\Debug\RFID.a(cyPm.o)
 .text.CyPmRestoreClocks
                0x00000000      0x24c .\CortexM3\ARM_GCC_541\Debug\RFID.a(cyPm.o)
 .text.CyPmAltAct
                0x00000000       0x6c .\CortexM3\ARM_GCC_541\Debug\RFID.a(cyPm.o)
 .text.CyPmSleep
                0x00000000       0xf4 .\CortexM3\ARM_GCC_541\Debug\RFID.a(cyPm.o)
 .text.CyPmHibernateEx
                0x00000000       0xf4 .\CortexM3\ARM_GCC_541\Debug\RFID.a(cyPm.o)
 .text.CyPmHibernate
                0x00000000        0xc .\CortexM3\ARM_GCC_541\Debug\RFID.a(cyPm.o)
 .text.CyPmReadStatus
                0x00000000       0x30 .\CortexM3\ARM_GCC_541\Debug\RFID.a(cyPm.o)
 .text.CyPmCtwSetInterval
                0x00000000       0x5c .\CortexM3\ARM_GCC_541\Debug\RFID.a(cyPm.o)
 .text.CyPmOppsSet
                0x00000000       0x2c .\CortexM3\ARM_GCC_541\Debug\RFID.a(cyPm.o)
 .text.CyPmFtwSetInterval
                0x00000000       0x5c .\CortexM3\ARM_GCC_541\Debug\RFID.a(cyPm.o)
 .rodata        0x00000000        0xf .\CortexM3\ARM_GCC_541\Debug\RFID.a(cyPm.o)
 .text          0x00000000        0x0 .\CortexM3\ARM_GCC_541\Debug\RFID.a(LCD.o)
 .data          0x00000000        0x0 .\CortexM3\ARM_GCC_541\Debug\RFID.a(LCD.o)
 .bss           0x00000000        0x2 .\CortexM3\ARM_GCC_541\Debug\RFID.a(LCD.o)
 .text.LCD_PutChar
                0x00000000        0x8 .\CortexM3\ARM_GCC_541\Debug\RFID.a(LCD.o)
 .text.LCD_Init
                0x00000000       0x6c .\CortexM3\ARM_GCC_541\Debug\RFID.a(LCD.o)
 .text.LCD_Enable
                0x00000000       0x14 .\CortexM3\ARM_GCC_541\Debug\RFID.a(LCD.o)
 .text.LCD_Start
                0x00000000       0x1c .\CortexM3\ARM_GCC_541\Debug\RFID.a(LCD.o)
 .text.LCD_Stop
                0x00000000       0x14 .\CortexM3\ARM_GCC_541\Debug\RFID.a(LCD.o)
 .text.LCD_PrintInt8
                0x00000000       0x20 .\CortexM3\ARM_GCC_541\Debug\RFID.a(LCD.o)
 .text.LCD_PrintInt16
                0x00000000       0x14 .\CortexM3\ARM_GCC_541\Debug\RFID.a(LCD.o)
 .text.LCD_PrintInt32
                0x00000000       0x1c .\CortexM3\ARM_GCC_541\Debug\RFID.a(LCD.o)
 .rodata        0x00000000       0x10 .\CortexM3\ARM_GCC_541\Debug\RFID.a(LCD.o)
 .data          0x00000000        0x0 .\CortexM3\ARM_GCC_541\Debug\RFID.a(CyBootAsmGnu.o)
 .bss           0x00000000        0x0 .\CortexM3\ARM_GCC_541\Debug\RFID.a(CyBootAsmGnu.o)
 .text          0x00000000        0x0 .\CortexM3\ARM_GCC_541\Debug\RFID.a(CyFlash.o)
 .data          0x00000000        0x0 .\CortexM3\ARM_GCC_541\Debug\RFID.a(CyFlash.o)
 .bss           0x00000000        0x0 .\CortexM3\ARM_GCC_541\Debug\RFID.a(CyFlash.o)
 .text.CySetTempInt
                0x00000000       0x60 .\CortexM3\ARM_GCC_541\Debug\RFID.a(CyFlash.o)
 .text.CyFlash_Start
                0x00000000       0x54 .\CortexM3\ARM_GCC_541\Debug\RFID.a(CyFlash.o)
 .text.CyFlash_Stop
                0x00000000       0x24 .\CortexM3\ARM_GCC_541\Debug\RFID.a(CyFlash.o)
 .text.CyFlash_EraseRow
                0x00000000       0x78 .\CortexM3\ARM_GCC_541\Debug\RFID.a(CyFlash.o)
 .text.CyFlashGetSpcAlgorithm
                0x00000000       0x4c .\CortexM3\ARM_GCC_541\Debug\RFID.a(CyFlash.o)
 .text.CySetTemp
                0x00000000       0x14 .\CortexM3\ARM_GCC_541\Debug\RFID.a(CyFlash.o)
 .text.CySetFlashEEBuffer
                0x00000000       0x20 .\CortexM3\ARM_GCC_541\Debug\RFID.a(CyFlash.o)
 .text.CyWriteRowFull
                0x00000000       0xf8 .\CortexM3\ARM_GCC_541\Debug\RFID.a(CyFlash.o)
 .text.CyWriteRowData
                0x00000000       0x14 .\CortexM3\ARM_GCC_541\Debug\RFID.a(CyFlash.o)
 .text.CyFlash_SetWaitCycles
                0x00000000       0x7c .\CortexM3\ARM_GCC_541\Debug\RFID.a(CyFlash.o)
 .text.CyEEPROM_Start
                0x00000000       0x54 .\CortexM3\ARM_GCC_541\Debug\RFID.a(CyFlash.o)
 .text.CyEEPROM_Stop
                0x00000000       0x24 .\CortexM3\ARM_GCC_541\Debug\RFID.a(CyFlash.o)
 .text.CyEEPROM_ReadReserve
                0x00000000       0x1c .\CortexM3\ARM_GCC_541\Debug\RFID.a(CyFlash.o)
 .text.CyEEPROM_ReadRelease
                0x00000000       0x10 .\CortexM3\ARM_GCC_541\Debug\RFID.a(CyFlash.o)
 COMMON         0x00000000        0x2 .\CortexM3\ARM_GCC_541\Debug\RFID.a(CyFlash.o)
 .text          0x00000000        0x0 .\CortexM3\ARM_GCC_541\Debug\RFID.a(CySpc.o)
 .data          0x00000000        0x0 .\CortexM3\ARM_GCC_541\Debug\RFID.a(CySpc.o)
 .bss           0x00000000        0x8 .\CortexM3\ARM_GCC_541\Debug\RFID.a(CySpc.o)
 .text.CySpcStart
                0x00000000       0x24 .\CortexM3\ARM_GCC_541\Debug\RFID.a(CySpc.o)
 .text.CySpcStop
                0x00000000       0x24 .\CortexM3\ARM_GCC_541\Debug\RFID.a(CySpc.o)
 .text.CySpcReadData
                0x00000000       0x34 .\CortexM3\ARM_GCC_541\Debug\RFID.a(CySpc.o)
 .text.CySpcLoadMultiByte
                0x00000000       0x78 .\CortexM3\ARM_GCC_541\Debug\RFID.a(CySpc.o)
 .text.CySpcLoadRow
                0x00000000       0x50 .\CortexM3\ARM_GCC_541\Debug\RFID.a(CySpc.o)
 .text.CySpcLoadRowFull
                0x00000000       0x80 .\CortexM3\ARM_GCC_541\Debug\RFID.a(CySpc.o)
 .text.CySpcWriteRow
                0x00000000       0x4c .\CortexM3\ARM_GCC_541\Debug\RFID.a(CySpc.o)
 .text.CySpcEraseSector
                0x00000000       0x3c .\CortexM3\ARM_GCC_541\Debug\RFID.a(CySpc.o)
 .text.CySpcEraseRow
                0x00000000       0x4c .\CortexM3\ARM_GCC_541\Debug\RFID.a(CySpc.o)
 .text.CySpcGetTemp
                0x00000000       0x3c .\CortexM3\ARM_GCC_541\Debug\RFID.a(CySpc.o)
 .text.CySpcLock
                0x00000000       0x4c .\CortexM3\ARM_GCC_541\Debug\RFID.a(CySpc.o)
 .text.CySpcUnlock
                0x00000000       0x38 .\CortexM3\ARM_GCC_541\Debug\RFID.a(CySpc.o)
 .text.CySpcGetAlgorithm
                0x00000000       0x28 .\CortexM3\ARM_GCC_541\Debug\RFID.a(CySpc.o)
 .text          0x00000000        0x0 c:/program files (x86)/cypress/psoc creator/4.2/psoc creator/import/gnu/arm/5.4.1/bin/../lib/gcc/arm-none-eabi/5.4.1/../../../../arm-none-eabi/lib/armv7-m\libg_nano.a(lib_a-errno.o)
 .data          0x00000000        0x0 c:/program files (x86)/cypress/psoc creator/4.2/psoc creator/import/gnu/arm/5.4.1/bin/../lib/gcc/arm-none-eabi/5.4.1/../../../../arm-none-eabi/lib/armv7-m\libg_nano.a(lib_a-errno.o)
 .bss           0x00000000        0x0 c:/program files (x86)/cypress/psoc creator/4.2/psoc creator/import/gnu/arm/5.4.1/bin/../lib/gcc/arm-none-eabi/5.4.1/../../../../arm-none-eabi/lib/armv7-m\libg_nano.a(lib_a-errno.o)
 .text          0x00000000        0x0 c:/program files (x86)/cypress/psoc creator/4.2/psoc creator/import/gnu/arm/5.4.1/bin/../lib/gcc/arm-none-eabi/5.4.1/../../../../arm-none-eabi/lib/armv7-m\libg_nano.a(lib_a-exit.o)
 .data          0x00000000        0x0 c:/program files (x86)/cypress/psoc creator/4.2/psoc creator/import/gnu/arm/5.4.1/bin/../lib/gcc/arm-none-eabi/5.4.1/../../../../arm-none-eabi/lib/armv7-m\libg_nano.a(lib_a-exit.o)
 .bss           0x00000000        0x0 c:/program files (x86)/cypress/psoc creator/4.2/psoc creator/import/gnu/arm/5.4.1/bin/../lib/gcc/arm-none-eabi/5.4.1/../../../../arm-none-eabi/lib/armv7-m\libg_nano.a(lib_a-exit.o)
 .text.exit     0x00000000       0x28 c:/program files (x86)/cypress/psoc creator/4.2/psoc creator/import/gnu/arm/5.4.1/bin/../lib/gcc/arm-none-eabi/5.4.1/../../../../arm-none-eabi/lib/armv7-m\libg_nano.a(lib_a-exit.o)
 .text          0x00000000        0x0 c:/program files (x86)/cypress/psoc creator/4.2/psoc creator/import/gnu/arm/5.4.1/bin/../lib/gcc/arm-none-eabi/5.4.1/../../../../arm-none-eabi/lib/armv7-m\libg_nano.a(lib_a-impure.o)
 .data          0x00000000        0x0 c:/program files (x86)/cypress/psoc creator/4.2/psoc creator/import/gnu/arm/5.4.1/bin/../lib/gcc/arm-none-eabi/5.4.1/../../../../arm-none-eabi/lib/armv7-m\libg_nano.a(lib_a-impure.o)
 .bss           0x00000000        0x0 c:/program files (x86)/cypress/psoc creator/4.2/psoc creator/import/gnu/arm/5.4.1/bin/../lib/gcc/arm-none-eabi/5.4.1/../../../../arm-none-eabi/lib/armv7-m\libg_nano.a(lib_a-impure.o)
 .rodata._global_impure_ptr
                0x00000000        0x4 c:/program files (x86)/cypress/psoc creator/4.2/psoc creator/import/gnu/arm/5.4.1/bin/../lib/gcc/arm-none-eabi/5.4.1/../../../../arm-none-eabi/lib/armv7-m\libg_nano.a(lib_a-impure.o)
 .text          0x00000000        0x0 c:/program files (x86)/cypress/psoc creator/4.2/psoc creator/import/gnu/arm/5.4.1/bin/../lib/gcc/arm-none-eabi/5.4.1/../../../../arm-none-eabi/lib/armv7-m\libg_nano.a(lib_a-init.o)
 .data          0x00000000        0x0 c:/program files (x86)/cypress/psoc creator/4.2/psoc creator/import/gnu/arm/5.4.1/bin/../lib/gcc/arm-none-eabi/5.4.1/../../../../arm-none-eabi/lib/armv7-m\libg_nano.a(lib_a-init.o)
 .bss           0x00000000        0x0 c:/program files (x86)/cypress/psoc creator/4.2/psoc creator/import/gnu/arm/5.4.1/bin/../lib/gcc/arm-none-eabi/5.4.1/../../../../arm-none-eabi/lib/armv7-m\libg_nano.a(lib_a-init.o)
 .text          0x00000000        0x0 c:/program files (x86)/cypress/psoc creator/4.2/psoc creator/import/gnu/arm/5.4.1/bin/../lib/gcc/arm-none-eabi/5.4.1/../../../../arm-none-eabi/lib/armv7-m\libg_nano.a(lib_a-memcpy-stub.o)
 .data          0x00000000        0x0 c:/program files (x86)/cypress/psoc creator/4.2/psoc creator/import/gnu/arm/5.4.1/bin/../lib/gcc/arm-none-eabi/5.4.1/../../../../arm-none-eabi/lib/armv7-m\libg_nano.a(lib_a-memcpy-stub.o)
 .bss           0x00000000        0x0 c:/program files (x86)/cypress/psoc creator/4.2/psoc creator/import/gnu/arm/5.4.1/bin/../lib/gcc/arm-none-eabi/5.4.1/../../../../arm-none-eabi/lib/armv7-m\libg_nano.a(lib_a-memcpy-stub.o)
 .text          0x00000000        0x0 c:/program files (x86)/cypress/psoc creator/4.2/psoc creator/import/gnu/arm/5.4.1/bin/../lib/gcc/arm-none-eabi/5.4.1/../../../../arm-none-eabi/lib/armv7-m\libg_nano.a(lib_a-memset.o)
 .data          0x00000000        0x0 c:/program files (x86)/cypress/psoc creator/4.2/psoc creator/import/gnu/arm/5.4.1/bin/../lib/gcc/arm-none-eabi/5.4.1/../../../../arm-none-eabi/lib/armv7-m\libg_nano.a(lib_a-memset.o)
 .bss           0x00000000        0x0 c:/program files (x86)/cypress/psoc creator/4.2/psoc creator/import/gnu/arm/5.4.1/bin/../lib/gcc/arm-none-eabi/5.4.1/../../../../arm-none-eabi/lib/armv7-m\libg_nano.a(lib_a-memset.o)
 .text          0x00000000        0x0 c:/program files (x86)/cypress/psoc creator/4.2/psoc creator/import/gnu/arm/5.4.1/bin/../lib/gcc/arm-none-eabi/5.4.1/armv7-m/crtend.o
 .data          0x00000000        0x0 c:/program files (x86)/cypress/psoc creator/4.2/psoc creator/import/gnu/arm/5.4.1/bin/../lib/gcc/arm-none-eabi/5.4.1/armv7-m/crtend.o
 .bss           0x00000000        0x0 c:/program files (x86)/cypress/psoc creator/4.2/psoc creator/import/gnu/arm/5.4.1/bin/../lib/gcc/arm-none-eabi/5.4.1/armv7-m/crtend.o
 .text          0x00000000        0x0 c:/program files (x86)/cypress/psoc creator/4.2/psoc creator/import/gnu/arm/5.4.1/bin/../lib/gcc/arm-none-eabi/5.4.1/armv7-m/crtn.o
 .data          0x00000000        0x0 c:/program files (x86)/cypress/psoc creator/4.2/psoc creator/import/gnu/arm/5.4.1/bin/../lib/gcc/arm-none-eabi/5.4.1/armv7-m/crtn.o
 .bss           0x00000000        0x0 c:/program files (x86)/cypress/psoc creator/4.2/psoc creator/import/gnu/arm/5.4.1/bin/../lib/gcc/arm-none-eabi/5.4.1/armv7-m/crtn.o

Memory Configuration

Name             Origin             Length             Attributes
rom              0x00000000         0x00040000         xr
ram              0x1fff8000         0x00010000         xrw
*default*        0x00000000         0xffffffff

Linker script and memory map

LOAD c:/program files (x86)/cypress/psoc creator/4.2/psoc creator/import/gnu/arm/5.4.1/bin/../lib/gcc/arm-none-eabi/5.4.1/armv7-m/crti.o
LOAD c:/program files (x86)/cypress/psoc creator/4.2/psoc creator/import/gnu/arm/5.4.1/bin/../lib/gcc/arm-none-eabi/5.4.1/armv7-m/crtbegin.o
LOAD c:/program files (x86)/cypress/psoc creator/4.2/psoc creator/import/gnu/arm/5.4.1/bin/../lib/gcc/arm-none-eabi/5.4.1/../../../../arm-none-eabi/lib/armv7-m/crt0.o
START GROUP
LOAD .\CortexM3\ARM_GCC_541\Debug\main.o
LOAD .\CortexM3\ARM_GCC_541\Debug\RC522.o
LOAD .\CortexM3\ARM_GCC_541\Debug\cyfitter_cfg.o
LOAD .\CortexM3\ARM_GCC_541\Debug\cymetadata.o
LOAD .\CortexM3\ARM_GCC_541\Debug\Cm3Start.o
LOAD .\CortexM3\ARM_GCC_541\Debug\RFID.a
LOAD C:\Program Files (x86)\Cypress\PSoC Creator\4.2\PSoC Creator\psoc\content\cycomponentlibrary\CyComponentLibrary.cylib\CortexM3\ARM_GCC_541\Debug\CyComponentLibrary.a
END GROUP
START GROUP
LOAD c:/program files (x86)/cypress/psoc creator/4.2/psoc creator/import/gnu/arm/5.4.1/bin/../lib/gcc/arm-none-eabi/5.4.1/armv7-m\libgcc.a
LOAD c:/program files (x86)/cypress/psoc creator/4.2/psoc creator/import/gnu/arm/5.4.1/bin/../lib/gcc/arm-none-eabi/5.4.1/../../../../arm-none-eabi/lib/armv7-m\libg_nano.a
LOAD c:/program files (x86)/cypress/psoc creator/4.2/psoc creator/import/gnu/arm/5.4.1/bin/../lib/gcc/arm-none-eabi/5.4.1/../../../../arm-none-eabi/lib/armv7-m\libc_nano.a
END GROUP
START GROUP
LOAD c:/program files (x86)/cypress/psoc creator/4.2/psoc creator/import/gnu/arm/5.4.1/bin/../lib/gcc/arm-none-eabi/5.4.1/armv7-m\libgcc.a
LOAD c:/program files (x86)/cypress/psoc creator/4.2/psoc creator/import/gnu/arm/5.4.1/bin/../lib/gcc/arm-none-eabi/5.4.1/../../../../arm-none-eabi/lib/armv7-m\libc_nano.a
END GROUP
LOAD c:/program files (x86)/cypress/psoc creator/4.2/psoc creator/import/gnu/arm/5.4.1/bin/../lib/gcc/arm-none-eabi/5.4.1/armv7-m/crtend.o
LOAD c:/program files (x86)/cypress/psoc creator/4.2/psoc creator/import/gnu/arm/5.4.1/bin/../lib/gcc/arm-none-eabi/5.4.1/armv7-m/crtn.o
START GROUP
LOAD c:/program files (x86)/cypress/psoc creator/4.2/psoc creator/import/gnu/arm/5.4.1/bin/../lib/gcc/arm-none-eabi/5.4.1/armv7-m\libgcc.a
LOAD c:/program files (x86)/cypress/psoc creator/4.2/psoc creator/import/gnu/arm/5.4.1/bin/../lib/gcc/arm-none-eabi/5.4.1/../../../../arm-none-eabi/lib/armv7-m\libc.a
LOAD c:/program files (x86)/cypress/psoc creator/4.2/psoc creator/import/gnu/arm/5.4.1/bin/../lib/gcc/arm-none-eabi/5.4.1/../../../../arm-none-eabi/lib/armv7-m\libnosys.a
END GROUP
                0x00000000                CY_APPL_ORIGIN = 0x0
                0x00000100                CY_FLASH_ROW_SIZE = 0x100
                0x00000020                CY_ECC_ROW_SIZE = 0x20
                0x00000000                CY_EE_IN_BTLDR = 0x0
                0x00000000                CY_APPL_LOADABLE = 0x0
                0x00000800                CY_EE_SIZE = 0x800
                0x00000001                CY_APPL_NUM = 0x1
                0x00000001                CY_APPL_MAX = 0x1
                0x00000040                CY_METADATA_SIZE = 0x40
                0x00000000                CY_APPL_LOADABLE = 0x0
                0x00000000                CY_CHECKSUM_EXCLUDE_SIZE = ALIGN (0x0, CY_FLASH_ROW_SIZE)
                [!provide]                PROVIDE (__cy_heap_start, _end)
                0x00000001                PROVIDE (__cy_region_num, ((__cy_regions_end - __cy_regions) / 0x10))
                0x20008000                PROVIDE (__cy_stack, (ORIGIN (ram) + LENGTH (ram)))
                [!provide]                PROVIDE (__cy_heap_end, (__cy_stack - 0x800))

.cybootloader   0x00000000        0x0
 *(.cybootloader)
                0x00000000                appl1_start = CY_APPL_ORIGIN?CY_APPL_ORIGIN:ALIGN (CY_FLASH_ROW_SIZE)
                0x0001ff00                appl2_start = (appl1_start + ALIGN ((((LENGTH (rom) - appl1_start) - (0x2 * CY_FLASH_ROW_SIZE)) / 0x2), CY_FLASH_ROW_SIZE))
                0x00000000                appl_start = (CY_APPL_NUM == 0x1)?appl1_start:appl2_start
                0x00000000                ecc_offset = ((appl_start / CY_FLASH_ROW_SIZE) * CY_ECC_ROW_SIZE)
                0x00000000                ee_offset = (CY_APPL_LOADABLE && ! (CY_EE_IN_BTLDR))?((CY_EE_SIZE / CY_APPL_MAX) * (CY_APPL_NUM - 0x1)):0x0
                0x00000800                ee_size = (CY_APPL_LOADABLE && ! (CY_EE_IN_BTLDR))?(CY_EE_SIZE / CY_APPL_MAX):CY_EE_SIZE
                [!provide]                PROVIDE (CY_ECC_OFFSET, ecc_offset)

.text           0x00000000      0x74e
 CREATE_OBJECT_SYMBOLS
                0x00000000                PROVIDE (__cy_interrupt_vector, RomVectors)
 *(.romvectors)
 .romvectors    0x00000000       0x10 .\CortexM3\ARM_GCC_541\Debug\Cm3Start.o
                0x00000000                RomVectors
                0x00000001                ASSERT ((. != __cy_interrupt_vector), No interrupt vector)
                0x00000001                ASSERT (CY_APPL_ORIGIN?(SIZEOF (.cybootloader) <= CY_APPL_ORIGIN):0x1, Wrong image location)
                0x00000010                PROVIDE (__cy_reset, Reset)
 *(.text.Reset)
 .text.Reset    0x00000010       0x18 .\CortexM3\ARM_GCC_541\Debug\Cm3Start.o
                0x00000010                Reset
                0x00000001                ASSERT ((. != __cy_reset), No reset code)
 *(.dma_init)
                0x00000001                ASSERT ((((appl_start + .) <= 0x10000) || 0x1), DMA Init must be within the first 64k of flash)
 *(.text .text.* .gnu.linkonce.t.*)
 .text          0x00000028       0x5c c:/program files (x86)/cypress/psoc creator/4.2/psoc creator/import/gnu/arm/5.4.1/bin/../lib/gcc/arm-none-eabi/5.4.1/armv7-m/crtbegin.o
 .text.main     0x00000084       0x3c .\CortexM3\ARM_GCC_541\Debug\main.o
                0x00000084                main
 .text.PCD_ReadRegister
                0x000000c0       0x34 .\CortexM3\ARM_GCC_541\Debug\RC522.o
                0x000000c0                PCD_ReadRegister
 .text.CyClockStartupError
                0x000000f4        0x4 .\CortexM3\ARM_GCC_541\Debug\cyfitter_cfg.o
 .text.cfg_write_bytes32
                0x000000f8       0x34 .\CortexM3\ARM_GCC_541\Debug\cyfitter_cfg.o
 .text.AnalogSetDefault
                0x0000012c       0x28 .\CortexM3\ARM_GCC_541\Debug\cyfitter_cfg.o
 .text.CYMEMZERO
                0x00000154        0xc .\CortexM3\ARM_GCC_541\Debug\cyfitter_cfg.o
 .text.ClockSetup
                0x00000160       0xb8 .\CortexM3\ARM_GCC_541\Debug\cyfitter_cfg.o
 .text.CYCONFIGCPY
                0x00000218        0x8 .\CortexM3\ARM_GCC_541\Debug\cyfitter_cfg.o
 .text.cyfitter_cfg
                0x00000220      0x110 .\CortexM3\ARM_GCC_541\Debug\cyfitter_cfg.o
                0x00000220                cyfitter_cfg
 .text.IntDefaultHandler
                0x00000330       0x10 .\CortexM3\ARM_GCC_541\Debug\Cm3Start.o
                0x00000330                IntDefaultHandler
 .text.Start_c  0x00000340       0x4c .\CortexM3\ARM_GCC_541\Debug\Cm3Start.o
                0x00000340                Start_c
 .text.initialize_psoc
                0x0000038c       0x68 .\CortexM3\ARM_GCC_541\Debug\Cm3Start.o
                0x0000038c                initialize_psoc
 .text.SPI_ReadTxStatus
                0x000003f4        0xc .\CortexM3\ARM_GCC_541\Debug\RFID.a(SPI.o)
                0x000003f4                SPI_ReadTxStatus
 .text.SPI_WriteTxData
                0x00000400       0x18 .\CortexM3\ARM_GCC_541\Debug\RFID.a(SPI.o)
                0x00000400                SPI_WriteTxData
 .text.SPI_ReadRxData
                0x00000418        0xc .\CortexM3\ARM_GCC_541\Debug\RFID.a(SPI.o)
                0x00000418                SPI_ReadRxData
 .text.CyDelay  0x00000424       0x2c .\CortexM3\ARM_GCC_541\Debug\RFID.a(CyLib.o)
                0x00000424                CyDelay
 .text.CyDelayUs
                0x00000450       0x14 .\CortexM3\ARM_GCC_541\Debug\RFID.a(CyLib.o)
                0x00000450                CyDelayUs
 .text.LCD_WrCntrlNib
                0x00000464       0x34 .\CortexM3\ARM_GCC_541\Debug\RFID.a(LCD.o)
 .text.LCD_WrDatNib
                0x00000498       0x44 .\CortexM3\ARM_GCC_541\Debug\RFID.a(LCD.o)
 .text.LCD_IsReady
                0x000004dc       0xe4 .\CortexM3\ARM_GCC_541\Debug\RFID.a(LCD.o)
                0x000004dc                LCD_IsReady
 .text.LCD_WriteData
                0x000005c0       0x18 .\CortexM3\ARM_GCC_541\Debug\RFID.a(LCD.o)
                0x000005c0                LCD_WriteData
 .text.LCD_PrintString
                0x000005d8       0x1c .\CortexM3\ARM_GCC_541\Debug\RFID.a(LCD.o)
                0x000005d8                LCD_PrintString
 .text.LCD_WriteControl
                0x000005f4       0x18 .\CortexM3\ARM_GCC_541\Debug\RFID.a(LCD.o)
                0x000005f4                LCD_WriteControl
 .text.LCD_Position
                0x0000060c       0x3c .\CortexM3\ARM_GCC_541\Debug\RFID.a(LCD.o)
                0x0000060c                LCD_Position
 .text.LCD_PrintU32Number
                0x00000648       0x64 .\CortexM3\ARM_GCC_541\Debug\RFID.a(LCD.o)
                0x00000648                LCD_PrintU32Number
 *fill*         0x000006ac        0x4 
 .text          0x000006b0       0x20 .\CortexM3\ARM_GCC_541\Debug\RFID.a(CyBootAsmGnu.o)
                0x000006b0                CyDelayCycles
                0x000006c0                CyEnterCriticalSection
                0x000006c8                CyExitCriticalSection
 .text.__errno  0x000006d0        0xc c:/program files (x86)/cypress/psoc creator/4.2/psoc creator/import/gnu/arm/5.4.1/bin/../lib/gcc/arm-none-eabi/5.4.1/../../../../arm-none-eabi/lib/armv7-m\libg_nano.a(lib_a-errno.o)
                0x000006d0                __errno
 .text.__libc_init_array
                0x000006dc       0x4c c:/program files (x86)/cypress/psoc creator/4.2/psoc creator/import/gnu/arm/5.4.1/bin/../lib/gcc/arm-none-eabi/5.4.1/../../../../arm-none-eabi/lib/armv7-m\libg_nano.a(lib_a-init.o)
                0x000006dc                __libc_init_array
 .text.memcpy   0x00000728       0x16 c:/program files (x86)/cypress/psoc creator/4.2/psoc creator/import/gnu/arm/5.4.1/bin/../lib/gcc/arm-none-eabi/5.4.1/../../../../arm-none-eabi/lib/armv7-m\libg_nano.a(lib_a-memcpy-stub.o)
                0x00000728                memcpy
 .text.memset   0x0000073e       0x10 c:/program files (x86)/cypress/psoc creator/4.2/psoc creator/import/gnu/arm/5.4.1/bin/../lib/gcc/arm-none-eabi/5.4.1/../../../../arm-none-eabi/lib/armv7-m\libg_nano.a(lib_a-memset.o)
                0x0000073e                memset
 *(.plt)
 *(.gnu.warning)
 *(.glue_7t)
 .glue_7t       0x0000074e        0x0 linker stubs
 *(.glue_7)
 .glue_7        0x0000074e        0x0 linker stubs
 *(.vfp11_veneer)
 .vfp11_veneer  0x0000074e        0x0 linker stubs
 *(.bootloader)
 *(.ARM.extab* .gnu.linkonce.armextab.*)
 *(.gcc_except_table)

.v4_bx          0x00000750        0x0
 .v4_bx         0x00000750        0x0 linker stubs

.iplt           0x00000750        0x0
 .iplt          0x00000750        0x0 c:/program files (x86)/cypress/psoc creator/4.2/psoc creator/import/gnu/arm/5.4.1/bin/../lib/gcc/arm-none-eabi/5.4.1/armv7-m/crtbegin.o

.eh_frame_hdr
 *(.eh_frame_hdr)

.eh_frame       0x00000750        0x4
 *(.eh_frame)
 .eh_frame      0x00000750        0x0 c:/program files (x86)/cypress/psoc creator/4.2/psoc creator/import/gnu/arm/5.4.1/bin/../lib/gcc/arm-none-eabi/5.4.1/armv7-m/crtbegin.o
 .eh_frame      0x00000750        0x4 c:/program files (x86)/cypress/psoc creator/4.2/psoc creator/import/gnu/arm/5.4.1/bin/../lib/gcc/arm-none-eabi/5.4.1/armv7-m/crtend.o
                [!provide]                PROVIDE (__exidx_start, .)

.ARM.exidx
 *(.ARM.exidx* .gnu.linkonce.armexidx.*)
                0x00000754                __exidx_end = .

.rodata         0x00000754       0x7c
 *(.rodata .rodata.* .gnu.linkonce.r.*)
 .rodata.str1.4
                0x00000754        0x8 .\CortexM3\ARM_GCC_541\Debug\main.o
                                  0x7 (size before relaxing)
 .rodata        0x0000075c       0x3a .\CortexM3\ARM_GCC_541\Debug\cyfitter_cfg.o
 .rodata.str1.1
                0x00000796        0x2 c:/program files (x86)/cypress/psoc creator/4.2/psoc creator/import/gnu/arm/5.4.1/bin/../lib/gcc/arm-none-eabi/5.4.1/../../../../arm-none-eabi/lib/armv7-m\libg_nano.a(lib_a-impure.o)
                0x00000798                . = ALIGN (0x4)
 *(.init)
 .init          0x00000798        0x4 c:/program files (x86)/cypress/psoc creator/4.2/psoc creator/import/gnu/arm/5.4.1/bin/../lib/gcc/arm-none-eabi/5.4.1/armv7-m/crti.o
                0x00000798                _init
 .init          0x0000079c        0x8 c:/program files (x86)/cypress/psoc creator/4.2/psoc creator/import/gnu/arm/5.4.1/bin/../lib/gcc/arm-none-eabi/5.4.1/armv7-m/crtn.o
                0x000007a4                . = ALIGN (0x4)
                0x000007a4                __preinit_array_start = .
 *(.preinit_array)
                0x000007a4                __preinit_array_end = .
                0x000007a4                . = ALIGN (0x4)
                0x000007a4                __init_array_start = .
 *(SORT(.init_array.*))
 *(.init_array)
 .init_array    0x000007a4        0x4 c:/program files (x86)/cypress/psoc creator/4.2/psoc creator/import/gnu/arm/5.4.1/bin/../lib/gcc/arm-none-eabi/5.4.1/armv7-m/crtbegin.o
 .init_array    0x000007a8        0x4 .\CortexM3\ARM_GCC_541\Debug\Cm3Start.o
                0x000007ac                __init_array_end = .
                0x000007ac                . = ALIGN (0x4)
 *(.fini)
 .fini          0x000007ac        0x4 c:/program files (x86)/cypress/psoc creator/4.2/psoc creator/import/gnu/arm/5.4.1/bin/../lib/gcc/arm-none-eabi/5.4.1/armv7-m/crti.o
                0x000007ac                _fini
 .fini          0x000007b0        0x8 c:/program files (x86)/cypress/psoc creator/4.2/psoc creator/import/gnu/arm/5.4.1/bin/../lib/gcc/arm-none-eabi/5.4.1/armv7-m/crtn.o
                0x000007b8                . = ALIGN (0x4)
                0x000007b8                __fini_array_start = .
 *(.fini_array)
 .fini_array    0x000007b8        0x4 c:/program files (x86)/cypress/psoc creator/4.2/psoc creator/import/gnu/arm/5.4.1/bin/../lib/gcc/arm-none-eabi/5.4.1/armv7-m/crtbegin.o
 *(SORT(.fini_array.*))
                0x000007bc                __fini_array_end = .
                0x000007bc                . = ALIGN (0x4)
 *crtbegin.o(.ctors)
 *(EXCLUDE_FILE(*crtend.o) .ctors)
 *(SORT(.ctors.*))
 *crtend.o(.ctors)
                0x000007bc                . = ALIGN (0x4)
 *crtbegin.o(.dtors)
 *(EXCLUDE_FILE(*crtend.o) .dtors)
 *(SORT(.dtors.*))
 *crtend.o(.dtors)
                0x000007bc                . = ALIGN (0x4)
                0x000007bc                __cy_regions = .
                0x000007bc        0x4 LONG 0x7d0 __cy_region_init_ram
                0x000007c0        0x4 LONG 0x1fff80c8 __cy_region_start_data
                0x000007c4        0x4 LONG 0x78 __cy_region_init_size_ram
                0x000007c8        0x4 LONG 0x20 __cy_region_zero_size_ram
                0x000007cc                __cy_regions_end = .
                0x000007d0                . = ALIGN (0x8)
 *fill*         0x000007cc        0x4 
                0x000007d0                _etext = .

.cy_checksum_exclude
                0x000007d0        0x0
 *(.cy_checksum_exclude)

.ramvectors     0x1fff8000       0xc0
                0x1fff8000                __cy_region_start_ram = .
 *(.ramvectors)
 .ramvectors    0x1fff8000       0xc0 .\CortexM3\ARM_GCC_541\Debug\Cm3Start.o
                0x1fff8000                CyRamVectors

.noinit         0x1fff80c0        0x1
 *(.noinit)
 .noinit        0x1fff80c0        0x1 .\CortexM3\ARM_GCC_541\Debug\RFID.a(CyLib.o)
                0x1fff80c0                CyResetStatus

.data           0x1fff80c8       0x78 load address 0x000007d0
                0x1fff80c8                __cy_region_start_data = .
 *(.jcr)
 .jcr           0x1fff80c8        0x0 c:/program files (x86)/cypress/psoc creator/4.2/psoc creator/import/gnu/arm/5.4.1/bin/../lib/gcc/arm-none-eabi/5.4.1/armv7-m/crtbegin.o
 .jcr           0x1fff80c8        0x4 c:/program files (x86)/cypress/psoc creator/4.2/psoc creator/import/gnu/arm/5.4.1/bin/../lib/gcc/arm-none-eabi/5.4.1/armv7-m/crtend.o
 *(.got.plt)
 *(.got)
 *(.shdata)
 *(.data .data.* .gnu.linkonce.d.*)
 .data          0x1fff80cc       0x10 .\CortexM3\ARM_GCC_541\Debug\RFID.a(CyLib.o)
                0x1fff80cc                cydelay_32k_ms
                0x1fff80d0                cydelay_freq_khz
                0x1fff80d4                cydelay_freq_mhz
                0x1fff80d8                cydelay_freq_hz
 .data.impure_data
                0x1fff80dc       0x60 c:/program files (x86)/cypress/psoc creator/4.2/psoc creator/import/gnu/arm/5.4.1/bin/../lib/gcc/arm-none-eabi/5.4.1/../../../../arm-none-eabi/lib/armv7-m\libg_nano.a(lib_a-impure.o)
 .data._impure_ptr
                0x1fff813c        0x4 c:/program files (x86)/cypress/psoc creator/4.2/psoc creator/import/gnu/arm/5.4.1/bin/../lib/gcc/arm-none-eabi/5.4.1/../../../../arm-none-eabi/lib/armv7-m\libg_nano.a(lib_a-impure.o)
                0x1fff813c                _impure_ptr
                0x1fff8140                . = ALIGN (0x8)
 *(.ram)
                0x1fff8140                _edata = .

.igot.plt       0x1fff8140        0x0 load address 0x00000848
 .igot.plt      0x1fff8140        0x0 c:/program files (x86)/cypress/psoc creator/4.2/psoc creator/import/gnu/arm/5.4.1/bin/../lib/gcc/arm-none-eabi/5.4.1/armv7-m/crtbegin.o

.bss            0x1fff8140       0x20 load address 0x00000848
                0x1fff8140                PROVIDE (__bss_start__, .)
 *(.shbss)
 *(.bss .bss.* .gnu.linkonce.b.*)
 .bss           0x1fff8140       0x1c c:/program files (x86)/cypress/psoc creator/4.2/psoc creator/import/gnu/arm/5.4.1/bin/../lib/gcc/arm-none-eabi/5.4.1/armv7-m/crtbegin.o
 *(COMMON)
                0x1fff8160                . = ALIGN (0x8)
 *fill*         0x1fff815c        0x4 
 *(.ram.b)
                0x1fff8160                _end = .
                0x1fff8160                __end = .
                0x1fff8160                PROVIDE (end, .)
                0x1fff8160                PROVIDE (__bss_end__, .)
                0x000007d0                __cy_region_init_ram = LOADADDR (.data)
                0x00000078                __cy_region_init_size_ram = (_edata - ADDR (.data))
                0x00000020                __cy_region_zero_size_ram = (_end - _edata)

.heap           0x1fff8160       0x80 load address 0x00000848
                0x1fff8160                . = _end
                0x1fff81e0                . = (. + 0x80)
 *fill*         0x1fff8160       0x80 
                0x1fff81e0                __cy_heap_limit = .

.stack          0x20007800      0x800
                0x20007800                __cy_stack_limit = .
                0x20008000                . = (. + 0x800)
 *fill*         0x20007800      0x800 
                0x00000001                ASSERT ((__cy_stack_limit >= __cy_heap_limit), region RAM overflowed with stack)
                0x00000000                cy_checksum_exclude_size = (CY_APPL_LOADABLE == 0x1)?SIZEOF (.cy_checksum_exclude):0x0
                0x00000001                ASSERT ((cy_checksum_exclude_size <= CY_CHECKSUM_EXCLUDE_SIZE), CY_BOOT: Section .cy_checksum_exclude size exceedes specified limit.)

.cyloadermeta
 *(.cyloadermeta)

.cyloadablemeta
 *(.cyloadablemeta)

.cyconfigecc    0x80000000      0x238
 *(.cyconfigecc)
 .cyconfigecc   0x80000000      0x238 .\CortexM3\ARM_GCC_541\Debug\cymetadata.o
                0x80000000                cy_meta_configecc

.cycustnvl      0x90000000        0x4
 *(.cycustnvl)
 .cycustnvl     0x90000000        0x4 .\CortexM3\ARM_GCC_541\Debug\cymetadata.o
                0x90000000                cy_meta_custnvl

.cywolatch      0x90100000        0x4
 *(.cywolatch)
 .cywolatch     0x90100000        0x4 .\CortexM3\ARM_GCC_541\Debug\cymetadata.o
                0x90100000                cy_meta_wonvl

.cyeeprom       0x90200000        0x0
 *(.cyeeprom)
                0x00000001                ASSERT ((. <= ((0x90200000 + ee_offset) + ee_size)), .cyeeprom data will not fit in EEPROM)

.cyflashprotect
                0x90400000      0x100
 *(.cyflashprotect)
 .cyflashprotect
                0x90400000      0x100 .\CortexM3\ARM_GCC_541\Debug\cymetadata.o
                0x90400000                cy_meta_flashprotect

.cymeta         0x90500000        0xc
 *(.cymeta)
 .cymeta        0x90500000        0xc .\CortexM3\ARM_GCC_541\Debug\cymetadata.o
                0x90500000                cy_metadata

.rel.dyn        0x00000848        0x0 load address 0x9050000c
 .rel.iplt      0x00000848        0x0 c:/program files (x86)/cypress/psoc creator/4.2/psoc creator/import/gnu/arm/5.4.1/bin/../lib/gcc/arm-none-eabi/5.4.1/armv7-m/crtbegin.o

.stab
 *(.stab)

.stabstr
 *(.stabstr)

.debug
 *(.debug)

.line
 *(.line)

.debug_srcinfo
 *(.debug_srcinfo)

.debug_sfnames
 *(.debug_sfnames)

.debug_aranges  0x00000000      0x8a0
 *(.debug_aranges)
 .debug_aranges
                0x00000000       0x20 .\CortexM3\ARM_GCC_541\Debug\main.o
 .debug_aranges
                0x00000020      0x150 .\CortexM3\ARM_GCC_541\Debug\RC522.o
 .debug_aranges
                0x00000170       0x58 .\CortexM3\ARM_GCC_541\Debug\cyfitter_cfg.o
 .debug_aranges
                0x000001c8       0x18 .\CortexM3\ARM_GCC_541\Debug\cymetadata.o
 .debug_aranges
                0x000001e0       0x48 .\CortexM3\ARM_GCC_541\Debug\Cm3Start.o
 .debug_aranges
                0x00000228       0xd8 .\CortexM3\ARM_GCC_541\Debug\RFID.a(SPI.o)
 .debug_aranges
                0x00000300       0x38 .\CortexM3\ARM_GCC_541\Debug\RFID.a(RESET.o)
 .debug_aranges
                0x00000338       0x70 .\CortexM3\ARM_GCC_541\Debug\RFID.a(SPI_IntClock.o)
 .debug_aranges
                0x000003a8      0x2a0 .\CortexM3\ARM_GCC_541\Debug\RFID.a(CyLib.o)
 .debug_aranges
                0x00000648       0x98 .\CortexM3\ARM_GCC_541\Debug\RFID.a(cyPm.o)
 .debug_aranges
                0x000006e0       0x98 .\CortexM3\ARM_GCC_541\Debug\RFID.a(LCD.o)
 .debug_aranges
                0x00000778       0x20 .\CortexM3\ARM_GCC_541\Debug\RFID.a(CyBootAsmGnu.o)
 .debug_aranges
                0x00000798       0x88 .\CortexM3\ARM_GCC_541\Debug\RFID.a(CyFlash.o)
 .debug_aranges
                0x00000820       0x80 .\CortexM3\ARM_GCC_541\Debug\RFID.a(CySpc.o)

.debug_pubnames
 *(.debug_pubnames)

.debug_info     0x00000000     0x6247
 *(.debug_info .gnu.linkonce.wi.*)
 .debug_info    0x00000000      0x1f6 .\CortexM3\ARM_GCC_541\Debug\main.o
 .debug_info    0x000001f6     0x1c9a .\CortexM3\ARM_GCC_541\Debug\RC522.o
 .debug_info    0x00001e90      0x595 .\CortexM3\ARM_GCC_541\Debug\cyfitter_cfg.o
 .debug_info    0x00002425      0x135 .\CortexM3\ARM_GCC_541\Debug\cymetadata.o
 .debug_info    0x0000255a      0x3bb .\CortexM3\ARM_GCC_541\Debug\Cm3Start.o
 .debug_info    0x00002915      0x4bb .\CortexM3\ARM_GCC_541\Debug\RFID.a(SPI.o)
 .debug_info    0x00002dd0      0x11f .\CortexM3\ARM_GCC_541\Debug\RFID.a(RESET.o)
 .debug_info    0x00002eef      0x283 .\CortexM3\ARM_GCC_541\Debug\RFID.a(SPI_IntClock.o)
 .debug_info    0x00003172     0x1374 .\CortexM3\ARM_GCC_541\Debug\RFID.a(CyLib.o)
 .debug_info    0x000044e6      0xa2a .\CortexM3\ARM_GCC_541\Debug\RFID.a(cyPm.o)
 .debug_info    0x00004f10      0x715 .\CortexM3\ARM_GCC_541\Debug\RFID.a(LCD.o)
 .debug_info    0x00005625       0x85 .\CortexM3\ARM_GCC_541\Debug\RFID.a(CyBootAsmGnu.o)
 .debug_info    0x000056aa      0x64d .\CortexM3\ARM_GCC_541\Debug\RFID.a(CyFlash.o)
 .debug_info    0x00005cf7      0x550 .\CortexM3\ARM_GCC_541\Debug\RFID.a(CySpc.o)

.debug_abbrev   0x00000000     0x13a9
 *(.debug_abbrev)
 .debug_abbrev  0x00000000      0x116 .\CortexM3\ARM_GCC_541\Debug\main.o
 .debug_abbrev  0x00000116      0x284 .\CortexM3\ARM_GCC_541\Debug\RC522.o
 .debug_abbrev  0x0000039a      0x20d .\CortexM3\ARM_GCC_541\Debug\cyfitter_cfg.o
 .debug_abbrev  0x000005a7       0x66 .\CortexM3\ARM_GCC_541\Debug\cymetadata.o
 .debug_abbrev  0x0000060d      0x1e8 .\CortexM3\ARM_GCC_541\Debug\Cm3Start.o
 .debug_abbrev  0x000007f5      0x146 .\CortexM3\ARM_GCC_541\Debug\RFID.a(SPI.o)
 .debug_abbrev  0x0000093b       0x90 .\CortexM3\ARM_GCC_541\Debug\RFID.a(RESET.o)
 .debug_abbrev  0x000009cb      0x139 .\CortexM3\ARM_GCC_541\Debug\RFID.a(SPI_IntClock.o)
 .debug_abbrev  0x00000b04      0x254 .\CortexM3\ARM_GCC_541\Debug\RFID.a(CyLib.o)
 .debug_abbrev  0x00000d58      0x1ab .\CortexM3\ARM_GCC_541\Debug\RFID.a(cyPm.o)
 .debug_abbrev  0x00000f03      0x157 .\CortexM3\ARM_GCC_541\Debug\RFID.a(LCD.o)
 .debug_abbrev  0x0000105a       0x14 .\CortexM3\ARM_GCC_541\Debug\RFID.a(CyBootAsmGnu.o)
 .debug_abbrev  0x0000106e      0x1a7 .\CortexM3\ARM_GCC_541\Debug\RFID.a(CyFlash.o)
 .debug_abbrev  0x00001215      0x194 .\CortexM3\ARM_GCC_541\Debug\RFID.a(CySpc.o)

.debug_line     0x00000000     0x2514
 *(.debug_line)
 .debug_line    0x00000000      0x1a3 .\CortexM3\ARM_GCC_541\Debug\main.o
 .debug_line    0x000001a3      0x782 .\CortexM3\ARM_GCC_541\Debug\RC522.o
 .debug_line    0x00000925      0x1f3 .\CortexM3\ARM_GCC_541\Debug\cyfitter_cfg.o
 .debug_line    0x00000b18      0x141 .\CortexM3\ARM_GCC_541\Debug\cymetadata.o
 .debug_line    0x00000c59      0x234 .\CortexM3\ARM_GCC_541\Debug\Cm3Start.o
 .debug_line    0x00000e8d      0x241 .\CortexM3\ARM_GCC_541\Debug\RFID.a(SPI.o)
 .debug_line    0x000010ce       0x92 .\CortexM3\ARM_GCC_541\Debug\RFID.a(RESET.o)
 .debug_line    0x00001160      0x17b .\CortexM3\ARM_GCC_541\Debug\RFID.a(SPI_IntClock.o)
 .debug_line    0x000012db      0x816 .\CortexM3\ARM_GCC_541\Debug\RFID.a(CyLib.o)
 .debug_line    0x00001af1      0x367 .\CortexM3\ARM_GCC_541\Debug\RFID.a(cyPm.o)
 .debug_line    0x00001e58      0x1dc .\CortexM3\ARM_GCC_541\Debug\RFID.a(LCD.o)
 .debug_line    0x00002034       0x66 .\CortexM3\ARM_GCC_541\Debug\RFID.a(CyBootAsmGnu.o)
 .debug_line    0x0000209a      0x21a .\CortexM3\ARM_GCC_541\Debug\RFID.a(CyFlash.o)
 .debug_line    0x000022b4      0x260 .\CortexM3\ARM_GCC_541\Debug\RFID.a(CySpc.o)

.debug_frame    0x00000000     0x193c
 *(.debug_frame)
 .debug_frame   0x00000000       0x2c .\CortexM3\ARM_GCC_541\Debug\main.o
 .debug_frame   0x0000002c      0x574 .\CortexM3\ARM_GCC_541\Debug\RC522.o
 .debug_frame   0x000005a0       0xe4 .\CortexM3\ARM_GCC_541\Debug\cyfitter_cfg.o
 .debug_frame   0x00000684       0xb8 .\CortexM3\ARM_GCC_541\Debug\Cm3Start.o
 .debug_frame   0x0000073c      0x1e8 .\CortexM3\ARM_GCC_541\Debug\RFID.a(SPI.o)
 .debug_frame   0x00000924       0x50 .\CortexM3\ARM_GCC_541\Debug\RFID.a(RESET.o)
 .debug_frame   0x00000974       0xe0 .\CortexM3\ARM_GCC_541\Debug\RFID.a(SPI_IntClock.o)
 .debug_frame   0x00000a54      0x738 .\CortexM3\ARM_GCC_541\Debug\RFID.a(CyLib.o)
 .debug_frame   0x0000118c      0x1f8 .\CortexM3\ARM_GCC_541\Debug\RFID.a(cyPm.o)
 .debug_frame   0x00001384      0x1e8 .\CortexM3\ARM_GCC_541\Debug\RFID.a(LCD.o)
 .debug_frame   0x0000156c      0x194 .\CortexM3\ARM_GCC_541\Debug\RFID.a(CyFlash.o)
 .debug_frame   0x00001700      0x180 .\CortexM3\ARM_GCC_541\Debug\RFID.a(CySpc.o)
 .debug_frame   0x00001880       0x20 c:/program files (x86)/cypress/psoc creator/4.2/psoc creator/import/gnu/arm/5.4.1/bin/../lib/gcc/arm-none-eabi/5.4.1/../../../../arm-none-eabi/lib/armv7-m\libg_nano.a(lib_a-errno.o)
 .debug_frame   0x000018a0       0x28 c:/program files (x86)/cypress/psoc creator/4.2/psoc creator/import/gnu/arm/5.4.1/bin/../lib/gcc/arm-none-eabi/5.4.1/../../../../arm-none-eabi/lib/armv7-m\libg_nano.a(lib_a-exit.o)
 .debug_frame   0x000018c8       0x2c c:/program files (x86)/cypress/psoc creator/4.2/psoc creator/import/gnu/arm/5.4.1/bin/../lib/gcc/arm-none-eabi/5.4.1/../../../../arm-none-eabi/lib/armv7-m\libg_nano.a(lib_a-init.o)
 .debug_frame   0x000018f4       0x28 c:/program files (x86)/cypress/psoc creator/4.2/psoc creator/import/gnu/arm/5.4.1/bin/../lib/gcc/arm-none-eabi/5.4.1/../../../../arm-none-eabi/lib/armv7-m\libg_nano.a(lib_a-memcpy-stub.o)
 .debug_frame   0x0000191c       0x20 c:/program files (x86)/cypress/psoc creator/4.2/psoc creator/import/gnu/arm/5.4.1/bin/../lib/gcc/arm-none-eabi/5.4.1/../../../../arm-none-eabi/lib/armv7-m\libg_nano.a(lib_a-memset.o)

.debug_str      0x00000000     0x1d16
 *(.debug_str)
 .debug_str     0x00000000      0x1ab .\CortexM3\ARM_GCC_541\Debug\main.o
                                0x1f8 (size before relaxing)
 .debug_str     0x000001ab      0x525 .\CortexM3\ARM_GCC_541\Debug\RC522.o
                                0x718 (size before relaxing)
 .debug_str     0x000006d0      0x19c .\CortexM3\ARM_GCC_541\Debug\cyfitter_cfg.o
                                0x339 (size before relaxing)
 .debug_str     0x0000086c       0x75 .\CortexM3\ARM_GCC_541\Debug\cymetadata.o
                                0x1d9 (size before relaxing)
 .debug_str     0x000008e1      0x144 .\CortexM3\ARM_GCC_541\Debug\Cm3Start.o
                                0x2ff (size before relaxing)
 .debug_str     0x00000a25      0x22c .\CortexM3\ARM_GCC_541\Debug\RFID.a(SPI.o)
                                0x3e3 (size before relaxing)
 .debug_str     0x00000c51       0x54 .\CortexM3\ARM_GCC_541\Debug\RFID.a(RESET.o)
                                0x1d7 (size before relaxing)
 .debug_str     0x00000ca5      0x17f .\CortexM3\ARM_GCC_541\Debug\RFID.a(SPI_IntClock.o)
                                0x31f (size before relaxing)
 .debug_str     0x00000e24      0x7fb .\CortexM3\ARM_GCC_541\Debug\RFID.a(CyLib.o)
                                0xa3c (size before relaxing)
 .debug_str     0x0000161f      0x365 .\CortexM3\ARM_GCC_541\Debug\RFID.a(cyPm.o)
                                0x728 (size before relaxing)
 .debug_str     0x00001984      0x132 .\CortexM3\ARM_GCC_541\Debug\RFID.a(LCD.o)
                                0x320 (size before relaxing)
 .debug_str     0x00001ab6      0x1b4 .\CortexM3\ARM_GCC_541\Debug\RFID.a(CyFlash.o)
                                0x3b5 (size before relaxing)
 .debug_str     0x00001c6a       0xac .\CortexM3\ARM_GCC_541\Debug\RFID.a(CySpc.o)
                                0x32d (size before relaxing)

.debug_loc      0x00000000     0x35dd
 *(.debug_loc)
 .debug_loc     0x00000000     0x1561 .\CortexM3\ARM_GCC_541\Debug\RC522.o
 .debug_loc     0x00001561      0x25a .\CortexM3\ARM_GCC_541\Debug\cyfitter_cfg.o
 .debug_loc     0x000017bb      0x144 .\CortexM3\ARM_GCC_541\Debug\Cm3Start.o
 .debug_loc     0x000018ff       0xfe .\CortexM3\ARM_GCC_541\Debug\RFID.a(SPI.o)
 .debug_loc     0x000019fd       0x42 .\CortexM3\ARM_GCC_541\Debug\RFID.a(RESET.o)
 .debug_loc     0x00001a3f      0x12c .\CortexM3\ARM_GCC_541\Debug\RFID.a(SPI_IntClock.o)
 .debug_loc     0x00001b6b      0xa11 .\CortexM3\ARM_GCC_541\Debug\RFID.a(CyLib.o)
 .debug_loc     0x0000257c      0x1e4 .\CortexM3\ARM_GCC_541\Debug\RFID.a(cyPm.o)
 .debug_loc     0x00002760      0x3c6 .\CortexM3\ARM_GCC_541\Debug\RFID.a(LCD.o)
 .debug_loc     0x00002b26      0x3b2 .\CortexM3\ARM_GCC_541\Debug\RFID.a(CyFlash.o)
 .debug_loc     0x00002ed8      0x705 .\CortexM3\ARM_GCC_541\Debug\RFID.a(CySpc.o)

.debug_macinfo
 *(.debug_macinfo)

.debug_ranges   0x00000000      0x808
 *(.debug_ranges)
 .debug_ranges  0x00000000       0x10 .\CortexM3\ARM_GCC_541\Debug\main.o
 .debug_ranges  0x00000010      0x1a0 .\CortexM3\ARM_GCC_541\Debug\RC522.o
 .debug_ranges  0x000001b0       0x48 .\CortexM3\ARM_GCC_541\Debug\cyfitter_cfg.o
 .debug_ranges  0x000001f8       0x38 .\CortexM3\ARM_GCC_541\Debug\Cm3Start.o
 .debug_ranges  0x00000230       0xc8 .\CortexM3\ARM_GCC_541\Debug\RFID.a(SPI.o)
 .debug_ranges  0x000002f8       0x28 .\CortexM3\ARM_GCC_541\Debug\RFID.a(RESET.o)
 .debug_ranges  0x00000320       0x60 .\CortexM3\ARM_GCC_541\Debug\RFID.a(SPI_IntClock.o)
 .debug_ranges  0x00000380      0x290 .\CortexM3\ARM_GCC_541\Debug\RFID.a(CyLib.o)
 .debug_ranges  0x00000610       0x88 .\CortexM3\ARM_GCC_541\Debug\RFID.a(cyPm.o)
 .debug_ranges  0x00000698       0x88 .\CortexM3\ARM_GCC_541\Debug\RFID.a(LCD.o)
 .debug_ranges  0x00000720       0x78 .\CortexM3\ARM_GCC_541\Debug\RFID.a(CyFlash.o)
 .debug_ranges  0x00000798       0x70 .\CortexM3\ARM_GCC_541\Debug\RFID.a(CySpc.o)

.comment        0x00000000       0x6e
 .comment       0x00000000       0x6e .\CortexM3\ARM_GCC_541\Debug\main.o
                                 0x6f (size before relaxing)
 .comment       0x0000006e       0x6f .\CortexM3\ARM_GCC_541\Debug\RC522.o
 .comment       0x0000006e       0x6f .\CortexM3\ARM_GCC_541\Debug\cyfitter_cfg.o
 .comment       0x0000006e       0x6f .\CortexM3\ARM_GCC_541\Debug\cymetadata.o
 .comment       0x0000006e       0x6f .\CortexM3\ARM_GCC_541\Debug\Cm3Start.o
 .comment       0x0000006e       0x6f .\CortexM3\ARM_GCC_541\Debug\RFID.a(SPI.o)
 .comment       0x0000006e       0x6f .\CortexM3\ARM_GCC_541\Debug\RFID.a(RESET.o)
 .comment       0x0000006e       0x6f .\CortexM3\ARM_GCC_541\Debug\RFID.a(SPI_IntClock.o)
 .comment       0x0000006e       0x6f .\CortexM3\ARM_GCC_541\Debug\RFID.a(CyLib.o)
 .comment       0x0000006e       0x6f .\CortexM3\ARM_GCC_541\Debug\RFID.a(cyPm.o)
 .comment       0x0000006e       0x6f .\CortexM3\ARM_GCC_541\Debug\RFID.a(LCD.o)
 .comment       0x0000006e       0x6f .\CortexM3\ARM_GCC_541\Debug\RFID.a(CyFlash.o)
 .comment       0x0000006e       0x6f .\CortexM3\ARM_GCC_541\Debug\RFID.a(CySpc.o)

.debug_weaknames
 *(.debug_weaknames)

.debug_funcnames
 *(.debug_funcnames)

.debug_typenames
 *(.debug_typenames)

.debug_varnames
 *(.debug_varnames)

.note.gnu.arm.ident
 *(.note.gnu.arm.ident)

.ARM.attributes
                0x00000000       0x29
 *(.ARM.attributes)
 .ARM.attributes
                0x00000000       0x1d c:/program files (x86)/cypress/psoc creator/4.2/psoc creator/import/gnu/arm/5.4.1/bin/../lib/gcc/arm-none-eabi/5.4.1/armv7-m/crti.o
 .ARM.attributes
                0x0000001d       0x2d c:/program files (x86)/cypress/psoc creator/4.2/psoc creator/import/gnu/arm/5.4.1/bin/../lib/gcc/arm-none-eabi/5.4.1/armv7-m/crtbegin.o
 .ARM.attributes
                0x0000004a       0x1b c:/program files (x86)/cypress/psoc creator/4.2/psoc creator/import/gnu/arm/5.4.1/bin/../lib/gcc/arm-none-eabi/5.4.1/../../../../arm-none-eabi/lib/armv7-m/crt0.o
 .ARM.attributes
                0x00000065       0x33 .\CortexM3\ARM_GCC_541\Debug\main.o
 .ARM.attributes
                0x00000098       0x33 .\CortexM3\ARM_GCC_541\Debug\RC522.o
 .ARM.attributes
                0x000000cb       0x33 .\CortexM3\ARM_GCC_541\Debug\cyfitter_cfg.o
 .ARM.attributes
                0x000000fe       0x33 .\CortexM3\ARM_GCC_541\Debug\cymetadata.o
 .ARM.attributes
                0x00000131       0x33 .\CortexM3\ARM_GCC_541\Debug\Cm3Start.o
 .ARM.attributes
                0x00000164       0x33 .\CortexM3\ARM_GCC_541\Debug\RFID.a(SPI.o)
 .ARM.attributes
                0x00000197       0x33 .\CortexM3\ARM_GCC_541\Debug\RFID.a(RESET.o)
 .ARM.attributes
                0x000001ca       0x33 .\CortexM3\ARM_GCC_541\Debug\RFID.a(SPI_IntClock.o)
 .ARM.attributes
                0x000001fd       0x33 .\CortexM3\ARM_GCC_541\Debug\RFID.a(CyLib.o)
 .ARM.attributes
                0x00000230       0x33 .\CortexM3\ARM_GCC_541\Debug\RFID.a(cyPm.o)
 .ARM.attributes
                0x00000263       0x33 .\CortexM3\ARM_GCC_541\Debug\RFID.a(LCD.o)
 .ARM.attributes
                0x00000296       0x21 .\CortexM3\ARM_GCC_541\Debug\RFID.a(CyBootAsmGnu.o)
 .ARM.attributes
                0x000002b7       0x33 .\CortexM3\ARM_GCC_541\Debug\RFID.a(CyFlash.o)
 .ARM.attributes
                0x000002ea       0x33 .\CortexM3\ARM_GCC_541\Debug\RFID.a(CySpc.o)
 .ARM.attributes
                0x0000031d       0x2d c:/program files (x86)/cypress/psoc creator/4.2/psoc creator/import/gnu/arm/5.4.1/bin/../lib/gcc/arm-none-eabi/5.4.1/../../../../arm-none-eabi/lib/armv7-m\libg_nano.a(lib_a-errno.o)
 .ARM.attributes
                0x0000034a       0x2d c:/program files (x86)/cypress/psoc creator/4.2/psoc creator/import/gnu/arm/5.4.1/bin/../lib/gcc/arm-none-eabi/5.4.1/../../../../arm-none-eabi/lib/armv7-m\libg_nano.a(lib_a-exit.o)
 .ARM.attributes
                0x00000377       0x2d c:/program files (x86)/cypress/psoc creator/4.2/psoc creator/import/gnu/arm/5.4.1/bin/../lib/gcc/arm-none-eabi/5.4.1/../../../../arm-none-eabi/lib/armv7-m\libg_nano.a(lib_a-impure.o)
 .ARM.attributes
                0x000003a4       0x2d c:/program files (x86)/cypress/psoc creator/4.2/psoc creator/import/gnu/arm/5.4.1/bin/../lib/gcc/arm-none-eabi/5.4.1/../../../../arm-none-eabi/lib/armv7-m\libg_nano.a(lib_a-init.o)
 .ARM.attributes
                0x000003d1       0x2d c:/program files (x86)/cypress/psoc creator/4.2/psoc creator/import/gnu/arm/5.4.1/bin/../lib/gcc/arm-none-eabi/5.4.1/../../../../arm-none-eabi/lib/armv7-m\libg_nano.a(lib_a-memcpy-stub.o)
 .ARM.attributes
                0x000003fe       0x2d c:/program files (x86)/cypress/psoc creator/4.2/psoc creator/import/gnu/arm/5.4.1/bin/../lib/gcc/arm-none-eabi/5.4.1/../../../../arm-none-eabi/lib/armv7-m\libg_nano.a(lib_a-memset.o)
 .ARM.attributes
                0x0000042b       0x2d c:/program files (x86)/cypress/psoc creator/4.2/psoc creator/import/gnu/arm/5.4.1/bin/../lib/gcc/arm-none-eabi/5.4.1/armv7-m/crtend.o
 .ARM.attributes
                0x00000458       0x1d c:/program files (x86)/cypress/psoc creator/4.2/psoc creator/import/gnu/arm/5.4.1/bin/../lib/gcc/arm-none-eabi/5.4.1/armv7-m/crtn.o

/DISCARD/
 *(.note.GNU-stack)
OUTPUT(C:\Users\nikod\Documents\PSoC Creator\RC522\RFID.cydsn\CortexM3\ARM_GCC_541\Debug\RFID.elf elf32-littlearm)
